Command line invocation:
    /Users/radhikamac/Xcode.app/Contents/Developer/usr/bin/xcodebuild -workspace Runner.xcworkspace -scheme Runner -configuration Debug -destination id=E4F3D12D-0918-53BB-93C3-35FB2E0505A4 build

Resolve Package Graph


Resolved source packages:
  connectivity_plus: /Users/radhikamac/backup2/drivestudio_swift/Flutter/ephemeral/Packages/.packages/connectivity_plus-7.3.1 @ local
  permission_handler_apple: /Users/radhikamac/backup2/drivestudio_swift/Flutter/ephemeral/Packages/.packages/permission_handler_apple-9.5.0 @ local
  geolocator_apple: /Users/radhikamac/backup2/drivestudio_swift/Flutter/ephemeral/Packages/.packages/geolocator_apple-2.3.14 @ local
  shared_preferences_foundation: /Users/radhikamac/backup2/drivestudio_swift/Flutter/ephemeral/Packages/.packages/shared_preferences_foundation-2.5.6 @ local
  path_provider_foundation: /Users/radhikamac/backup2/drivestudio_swift/Flutter/ephemeral/Packages/.packages/path_provider_foundation-2.5.1 @ local
  battery_plus: /Users/radhikamac/backup2/drivestudio_swift/Flutter/ephemeral/Packages/.packages/battery_plus-7.1.1 @ local
  in_app_purchase_storekit: /Users/radhikamac/backup2/drivestudio_swift/Flutter/ephemeral/Packages/.packages/in_app_purchase_storekit-0.4.8+1 @ local
  flutter_onnxruntime: /Users/radhikamac/backup2/drivestudio_swift/Flutter/ephemeral/Packages/.packages/flutter_onnxruntime-1.8.3 @ local
  audioplayers_darwin: /Users/radhikamac/backup2/drivestudio_swift/Flutter/ephemeral/Packages/.packages/audioplayers_darwin-6.4.0 @ local
  image_picker_ios: /Users/radhikamac/backup2/drivestudio_swift/Flutter/ephemeral/Packages/.packages/image_picker_ios-0.8.13+3 @ local
  FlutterFramework: /Users/radhikamac/backup2/drivestudio_swift/Flutter/ephemeral/Packages/.packages/FlutterFramework @ local
  FlutterGeneratedPluginSwiftPackage: /Users/radhikamac/backup2/drivestudio_swift/Flutter/ephemeral/Packages/FlutterGeneratedPluginSwiftPackage
  onnxruntime: https://github.com/masicai/onnxruntime-swift-package-manager @ 1.23.1

ComputePackagePrebuildTargetDependencyGraph

Prepare packages

CreateBuildRequest

SendProjectDescription

CreateBuildOperation

ComputeTargetDependencyGraph
note: Building targets in dependency order
note: Target dependency graph (2 targets)
    Target 'Runner' in project 'Runner'
        ➜ Explicit dependency on target 'DriveStudioWidgetExtension' in project 'Runner'
    Target 'DriveStudioWidgetExtension' in project 'Runner' (no dependencies)

GatherProvisioningInputs

CreateBuildDescription

ExecuteExternalTool /Users/radhikamac/Xcode.app/Contents/Developer/Toolchains/XcodeDefault.xctoolchain/usr/bin/clang -v -E -dM -isysroot /Users/radhikamac/Xcode.app/Contents/Developer/Platforms/iPhoneOS.platform/Developer/SDKs/iPhoneOS26.5.sdk -x c -c /dev/null

ExecuteExternalTool /Users/radhikamac/Xcode.app/Contents/Developer/usr/bin/actool --version --output-format xml1

ExecuteExternalTool /Users/radhikamac/Xcode.app/Contents/Developer/Toolchains/XcodeDefault.xctoolchain/usr/bin/clang -v -E -dM -arch arm64 -isysroot /Users/radhikamac/Xcode.app/Contents/Developer/Platforms/iPhoneOS.platform/Developer/SDKs/iPhoneOS26.5.sdk -x c -c /dev/null

ExecuteExternalTool /Users/radhikamac/Xcode.app/Contents/Developer/usr/bin/ibtool --version --output-format xml1

ExecuteExternalTool /Users/radhikamac/Xcode.app/Contents/Developer/Toolchains/XcodeDefault.xctoolchain/usr/bin/swiftc --version

ExecuteExternalTool /Users/radhikamac/Xcode.app/Contents/Developer/usr/bin/actool --print-asset-tag-combinations --output-format xml1 /Users/radhikamac/backup2/drivestudio_swift/Runner/Assets.xcassets

ExecuteExternalTool /Users/radhikamac/Xcode.app/Contents/Developer/Toolchains/XcodeDefault.xctoolchain/usr/bin/ld -version_details

Build description signature: c6e48df21ac71f3028d357f0f2b62add
Build description path: /Users/radhikamac/Library/Developer/Xcode/DerivedData/Runner-ejsizhvuksslerfenxncvkfpfxpi/Build/Intermediates.noindex/XCBuildData/c6e48df21ac71f3028d357f0f2b62add.xcbuilddata
ClangStatCache /Users/radhikamac/Xcode.app/Contents/Developer/Toolchains/XcodeDefault.xctoolchain/usr/bin/clang-stat-cache /Users/radhikamac/Xcode.app/Contents/Developer/Platforms/iPhoneOS.platform/Developer/SDKs/iPhoneOS26.5.sdk /Users/radhikamac/Library/Developer/Xcode/DerivedData/SDKStatCaches.noindex/iphoneos26.5-23F81a-a26f4d78abf0372adea0fe2e23ad9bcd.sdkstatcache
    cd /Users/radhikamac/backup2/drivestudio_swift
    /Users/radhikamac/Xcode.app/Contents/Developer/Toolchains/XcodeDefault.xctoolchain/usr/bin/clang-stat-cache /Users/radhikamac/Xcode.app/Contents/Developer/Platforms/iPhoneOS.platform/Developer/SDKs/iPhoneOS26.5.sdk -o /Users/radhikamac/Library/Developer/Xcode/DerivedData/SDKStatCaches.noindex/iphoneos26.5-23F81a-a26f4d78abf0372adea0fe2e23ad9bcd.sdkstatcache

ProcessInfoPlistFile /Users/radhikamac/Library/Developer/Xcode/DerivedData/Runner-ejsizhvuksslerfenxncvkfpfxpi/Build/Products/Debug-iphoneos/DriveStudioWidgetExtension.appex/Info.plist /Users/radhikamac/backup2/drivestudio_swift/DriveStudioWidget/Info.plist (in target 'DriveStudioWidgetExtension' from project 'Runner')
    cd /Users/radhikamac/backup2/drivestudio_swift
    builtin-infoPlistUtility /Users/radhikamac/backup2/drivestudio_swift/DriveStudioWidget/Info.plist -producttype com.apple.product-type.app-extension -expandbuildsettings -format binary -platform iphoneos -additionalcontentfile /Users/radhikamac/Library/Developer/Xcode/DerivedData/Runner-ejsizhvuksslerfenxncvkfpfxpi/Build/Intermediates.noindex/Runner.build/Debug-iphoneos/DriveStudioWidgetExtension.build/assetcatalog_generated_info.plist -requiredArchitecture arm64 -o /Users/radhikamac/Library/Developer/Xcode/DerivedData/Runner-ejsizhvuksslerfenxncvkfpfxpi/Build/Products/Debug-iphoneos/DriveStudioWidgetExtension.appex/Info.plist

CpResource /Users/radhikamac/Library/Developer/Xcode/DerivedData/Runner-ejsizhvuksslerfenxncvkfpfxpi/Build/Products/Debug-iphoneos/Runner.app/summit-ping.wav /Users/radhikamac/backup2/drivestudio_swift/Runner/summit-ping.wav (in target 'Runner' from project 'Runner')
    cd /Users/radhikamac/backup2/drivestudio_swift
    builtin-copy -exclude .DS_Store -exclude CVS -exclude .svn -exclude .git -exclude .hg -resolve-src-symlinks /Users/radhikamac/backup2/drivestudio_swift/Runner/summit-ping.wav /Users/radhikamac/Library/Developer/Xcode/DerivedData/Runner-ejsizhvuksslerfenxncvkfpfxpi/Build/Products/Debug-iphoneos/Runner.app
error: The file “summit-ping.wav” couldn’t be opened because there is no such file. (in target 'Runner' from project 'Runner')

CpResource /Users/radhikamac/Library/Developer/Xcode/DerivedData/Runner-ejsizhvuksslerfenxncvkfpfxpi/Build/Products/Debug-iphoneos/Runner.app/rise.wav /Users/radhikamac/backup2/drivestudio_swift/Runner/rise.wav (in target 'Runner' from project 'Runner')
    cd /Users/radhikamac/backup2/drivestudio_swift
    builtin-copy -exclude .DS_Store -exclude CVS -exclude .svn -exclude .git -exclude .hg -resolve-src-symlinks /Users/radhikamac/backup2/drivestudio_swift/Runner/rise.wav /Users/radhikamac/Library/Developer/Xcode/DerivedData/Runner-ejsizhvuksslerfenxncvkfpfxpi/Build/Products/Debug-iphoneos/Runner.app
error: The file “rise.wav” couldn’t be opened because there is no such file. (in target 'Runner' from project 'Runner')

CpResource /Users/radhikamac/Library/Developer/Xcode/DerivedData/Runner-ejsizhvuksslerfenxncvkfpfxpi/Build/Products/Debug-iphoneos/Runner.app/power-down.wav /Users/radhikamac/backup2/drivestudio_swift/Runner/power-down.wav (in target 'Runner' from project 'Runner')
    cd /Users/radhikamac/backup2/drivestudio_swift
    builtin-copy -exclude .DS_Store -exclude CVS -exclude .svn -exclude .git -exclude .hg -resolve-src-symlinks /Users/radhikamac/backup2/drivestudio_swift/Runner/power-down.wav /Users/radhikamac/Library/Developer/Xcode/DerivedData/Runner-ejsizhvuksslerfenxncvkfpfxpi/Build/Products/Debug-iphoneos/Runner.app
error: The file “power-down.wav” couldn’t be opened because there is no such file. (in target 'Runner' from project 'Runner')

CpResource /Users/radhikamac/Library/Developer/Xcode/DerivedData/Runner-ejsizhvuksslerfenxncvkfpfxpi/Build/Products/Debug-iphoneos/Runner.app/soft-chime.wav /Users/radhikamac/backup2/drivestudio_swift/Runner/soft-chime.wav (in target 'Runner' from project 'Runner')
    cd /Users/radhikamac/backup2/drivestudio_swift
    builtin-copy -exclude .DS_Store -exclude CVS -exclude .svn -exclude .git -exclude .hg -resolve-src-symlinks /Users/radhikamac/backup2/drivestudio_swift/Runner/soft-chime.wav /Users/radhikamac/Library/Developer/Xcode/DerivedData/Runner-ejsizhvuksslerfenxncvkfpfxpi/Build/Products/Debug-iphoneos/Runner.app
error: The file “soft-chime.wav” couldn’t be opened because there is no such file. (in target 'Runner' from project 'Runner')

CpResource /Users/radhikamac/Library/Developer/Xcode/DerivedData/Runner-ejsizhvuksslerfenxncvkfpfxpi/Build/Products/Debug-iphoneos/Runner.app/soft-exit.wav /Users/radhikamac/backup2/drivestudio_swift/Runner/soft-exit.wav (in target 'Runner' from project 'Runner')
    cd /Users/radhikamac/backup2/drivestudio_swift
    builtin-copy -exclude .DS_Store -exclude CVS -exclude .svn -exclude .git -exclude .hg -resolve-src-symlinks /Users/radhikamac/backup2/drivestudio_swift/Runner/soft-exit.wav /Users/radhikamac/Library/Developer/Xcode/DerivedData/Runner-ejsizhvuksslerfenxncvkfpfxpi/Build/Products/Debug-iphoneos/Runner.app
error: The file “soft-exit.wav” couldn’t be opened because there is no such file. (in target 'Runner' from project 'Runner')

CpResource /Users/radhikamac/Library/Developer/Xcode/DerivedData/Runner-ejsizhvuksslerfenxncvkfpfxpi/Build/Products/Debug-iphoneos/Runner.app/spark-line.wav /Users/radhikamac/backup2/drivestudio_swift/Runner/spark-line.wav (in target 'Runner' from project 'Runner')
    cd /Users/radhikamac/backup2/drivestudio_swift
    builtin-copy -exclude .DS_Store -exclude CVS -exclude .svn -exclude .git -exclude .hg -resolve-src-symlinks /Users/radhikamac/backup2/drivestudio_swift/Runner/spark-line.wav /Users/radhikamac/Library/Developer/Xcode/DerivedData/Runner-ejsizhvuksslerfenxncvkfpfxpi/Build/Products/Debug-iphoneos/Runner.app
error: The file “spark-line.wav” couldn’t be opened because there is no such file. (in target 'Runner' from project 'Runner')

CpResource /Users/radhikamac/Library/Developer/Xcode/DerivedData/Runner-ejsizhvuksslerfenxncvkfpfxpi/Build/Products/Debug-iphoneos/Runner.app/marker.wav /Users/radhikamac/backup2/drivestudio_swift/Runner/marker.wav (in target 'Runner' from project 'Runner')
    cd /Users/radhikamac/backup2/drivestudio_swift
    builtin-copy -exclude .DS_Store -exclude CVS -exclude .svn -exclude .git -exclude .hg -resolve-src-symlinks /Users/radhikamac/backup2/drivestudio_swift/Runner/marker.wav /Users/radhikamac/Library/Developer/Xcode/DerivedData/Runner-ejsizhvuksslerfenxncvkfpfxpi/Build/Products/Debug-iphoneos/Runner.app
error: The file “marker.wav” couldn’t be opened because there is no such file. (in target 'Runner' from project 'Runner')

CpResource /Users/radhikamac/Library/Developer/Xcode/DerivedData/Runner-ejsizhvuksslerfenxncvkfpfxpi/Build/Products/Debug-iphoneos/Runner.app/low-pulse.wav /Users/radhikamac/backup2/drivestudio_swift/Runner/low-pulse.wav (in target 'Runner' from project 'Runner')
    cd /Users/radhikamac/backup2/drivestudio_swift
    builtin-copy -exclude .DS_Store -exclude CVS -exclude .svn -exclude .git -exclude .hg -resolve-src-symlinks /Users/radhikamac/backup2/drivestudio_swift/Runner/low-pulse.wav /Users/radhikamac/Library/Developer/Xcode/DerivedData/Runner-ejsizhvuksslerfenxncvkfpfxpi/Build/Products/Debug-iphoneos/Runner.app
error: The file “low-pulse.wav” couldn’t be opened because there is no such file. (in target 'Runner' from project 'Runner')

CpResource /Users/radhikamac/Library/Developer/Xcode/DerivedData/Runner-ejsizhvuksslerfenxncvkfpfxpi/Build/Products/Debug-iphoneos/Runner.app/night-close.wav /Users/radhikamac/backup2/drivestudio_swift/Runner/night-close.wav (in target 'Runner' from project 'Runner')
    cd /Users/radhikamac/backup2/drivestudio_swift
    builtin-copy -exclude .DS_Store -exclude CVS -exclude .svn -exclude .git -exclude .hg -resolve-src-symlinks /Users/radhikamac/backup2/drivestudio_swift/Runner/night-close.wav /Users/radhikamac/Library/Developer/Xcode/DerivedData/Runner-ejsizhvuksslerfenxncvkfpfxpi/Build/Products/Debug-iphoneos/Runner.app
error: The file “night-close.wav” couldn’t be opened because there is no such file. (in target 'Runner' from project 'Runner')

CpResource /Users/radhikamac/Library/Developer/Xcode/DerivedData/Runner-ejsizhvuksslerfenxncvkfpfxpi/Build/Products/Debug-iphoneos/Runner.app/lane-nudge.wav /Users/radhikamac/backup2/drivestudio_swift/Runner/lane-nudge.wav (in target 'Runner' from project 'Runner')
    cd /Users/radhikamac/backup2/drivestudio_swift
    builtin-copy -exclude .DS_Store -exclude CVS -exclude .svn -exclude .git -exclude .hg -resolve-src-symlinks /Users/radhikamac/backup2/drivestudio_swift/Runner/lane-nudge.wav /Users/radhikamac/Library/Developer/Xcode/DerivedData/Runner-ejsizhvuksslerfenxncvkfpfxpi/Build/Products/Debug-iphoneos/Runner.app
error: The file “lane-nudge.wav” couldn’t be opened because there is no such file. (in target 'Runner' from project 'Runner')

CpResource /Users/radhikamac/Library/Developer/Xcode/DerivedData/Runner-ejsizhvuksslerfenxncvkfpfxpi/Build/Products/Debug-iphoneos/Runner.app/ignition.wav /Users/radhikamac/backup2/drivestudio_swift/Runner/ignition.wav (in target 'Runner' from project 'Runner')
    cd /Users/radhikamac/backup2/drivestudio_swift
    builtin-copy -exclude .DS_Store -exclude CVS -exclude .svn -exclude .git -exclude .hg -resolve-src-symlinks /Users/radhikamac/backup2/drivestudio_swift/Runner/ignition.wav /Users/radhikamac/Library/Developer/Xcode/DerivedData/Runner-ejsizhvuksslerfenxncvkfpfxpi/Build/Products/Debug-iphoneos/Runner.app
error: The file “ignition.wav” couldn’t be opened because there is no such file. (in target 'Runner' from project 'Runner')

** BUILD FAILED **


The following build commands failed:
	CpResource /Users/radhikamac/Library/Developer/Xcode/DerivedData/Runner-ejsizhvuksslerfenxncvkfpfxpi/Build/Products/Debug-iphoneos/Runner.app/summit-ping.wav /Users/radhikamac/backup2/drivestudio_swift/Runner/summit-ping.wav (in target 'Runner' from project 'Runner')
	CpResource /Users/radhikamac/Library/Developer/Xcode/DerivedData/Runner-ejsizhvuksslerfenxncvkfpfxpi/Build/Products/Debug-iphoneos/Runner.app/rise.wav /Users/radhikamac/backup2/drivestudio_swift/Runner/rise.wav (in target 'Runner' from project 'Runner')
	CpResource /Users/radhikamac/Library/Developer/Xcode/DerivedData/Runner-ejsizhvuksslerfenxncvkfpfxpi/Build/Products/Debug-iphoneos/Runner.app/power-down.wav /Users/radhikamac/backup2/drivestudio_swift/Runner/power-down.wav (in target 'Runner' from project 'Runner')
	CpResource /Users/radhikamac/Library/Developer/Xcode/DerivedData/Runner-ejsizhvuksslerfenxncvkfpfxpi/Build/Products/Debug-iphoneos/Runner.app/soft-chime.wav /Users/radhikamac/backup2/drivestudio_swift/Runner/soft-chime.wav (in target 'Runner' from project 'Runner')
	CpResource /Users/radhikamac/Library/Developer/Xcode/DerivedData/Runner-ejsizhvuksslerfenxncvkfpfxpi/Build/Products/Debug-iphoneos/Runner.app/soft-exit.wav /Users/radhikamac/backup2/drivestudio_swift/Runner/soft-exit.wav (in target 'Runner' from project 'Runner')
	CpResource /Users/radhikamac/Library/Developer/Xcode/DerivedData/Runner-ejsizhvuksslerfenxncvkfpfxpi/Build/Products/Debug-iphoneos/Runner.app/spark-line.wav /Users/radhikamac/backup2/drivestudio_swift/Runner/spark-line.wav (in target 'Runner' from project 'Runner')
	CpResource /Users/radhikamac/Library/Developer/Xcode/DerivedData/Runner-ejsizhvuksslerfenxncvkfpfxpi/Build/Products/Debug-iphoneos/Runner.app/marker.wav /Users/radhikamac/backup2/drivestudio_swift/Runner/marker.wav (in target 'Runner' from project 'Runner')
	CpResource /Users/radhikamac/Library/Developer/Xcode/DerivedData/Runner-ejsizhvuksslerfenxncvkfpfxpi/Build/Products/Debug-iphoneos/Runner.app/low-pulse.wav /Users/radhikamac/backup2/drivestudio_swift/Runner/low-pulse.wav (in target 'Runner' from project 'Runner')
	CpResource /Users/radhikamac/Library/Developer/Xcode/DerivedData/Runner-ejsizhvuksslerfenxncvkfpfxpi/Build/Products/Debug-iphoneos/Runner.app/night-close.wav /Users/radhikamac/backup2/drivestudio_swift/Runner/night-close.wav (in target 'Runner' from project 'Runner')
	CpResource /Users/radhikamac/Library/Developer/Xcode/DerivedData/Runner-ejsizhvuksslerfenxncvkfpfxpi/Build/Products/Debug-iphoneos/Runner.app/lane-nudge.wav /Users/radhikamac/backup2/drivestudio_swift/Runner/lane-nudge.wav (in target 'Runner' from project 'Runner')
	CpResource /Users/radhikamac/Library/Developer/Xcode/DerivedData/Runner-ejsizhvuksslerfenxncvkfpfxpi/Build/Products/Debug-iphoneos/Runner.app/ignition.wav /Users/radhikamac/backup2/drivestudio_swift/Runner/ignition.wav (in target 'Runner' from project 'Runner')
	Building workspace Runner with scheme Runner and configuration Debug
(12 failures)
