Command line invocation:
    /Users/radhikamac/Xcode.app/Contents/Developer/usr/bin/xcodebuild -workspace Runner.xcworkspace -scheme Runner -configuration Debug -destination id=E4F3D12D-0918-53BB-93C3-35FB2E0505A4 build

Resolve Package Graph


Resolved source packages:
  FlutterGeneratedPluginSwiftPackage: /Users/radhikamac/backup2/drivestudio_swift/Flutter/ephemeral/Packages/FlutterGeneratedPluginSwiftPackage
  permission_handler_apple: /Users/radhikamac/backup2/drivestudio_swift/Flutter/ephemeral/Packages/.packages/permission_handler_apple-9.5.0 @ local
  geolocator_apple: /Users/radhikamac/backup2/drivestudio_swift/Flutter/ephemeral/Packages/.packages/geolocator_apple-2.3.14 @ local
  audioplayers_darwin: /Users/radhikamac/backup2/drivestudio_swift/Flutter/ephemeral/Packages/.packages/audioplayers_darwin-6.4.0 @ local
  in_app_purchase_storekit: /Users/radhikamac/backup2/drivestudio_swift/Flutter/ephemeral/Packages/.packages/in_app_purchase_storekit-0.4.8+1 @ local
  shared_preferences_foundation: /Users/radhikamac/backup2/drivestudio_swift/Flutter/ephemeral/Packages/.packages/shared_preferences_foundation-2.5.6 @ local
  battery_plus: /Users/radhikamac/backup2/drivestudio_swift/Flutter/ephemeral/Packages/.packages/battery_plus-7.1.1 @ local
  connectivity_plus: /Users/radhikamac/backup2/drivestudio_swift/Flutter/ephemeral/Packages/.packages/connectivity_plus-7.3.1 @ local
  path_provider_foundation: /Users/radhikamac/backup2/drivestudio_swift/Flutter/ephemeral/Packages/.packages/path_provider_foundation-2.5.1 @ local
  flutter_onnxruntime: /Users/radhikamac/backup2/drivestudio_swift/Flutter/ephemeral/Packages/.packages/flutter_onnxruntime-1.8.3 @ local
  onnxruntime: https://github.com/masicai/onnxruntime-swift-package-manager @ 1.23.1
  image_picker_ios: /Users/radhikamac/backup2/drivestudio_swift/Flutter/ephemeral/Packages/.packages/image_picker_ios-0.8.13+3 @ local
  FlutterFramework: /Users/radhikamac/backup2/drivestudio_swift/Flutter/ephemeral/Packages/.packages/FlutterFramework @ local

ComputePackagePrebuildTargetDependencyGraph

Prepare packages

CreateBuildRequest

SendProjectDescription

CreateBuildOperation

ComputeTargetDependencyGraph
note: Building targets in dependency order
note: Target dependency graph (2 targets)
    Target 'Runner' in project 'Runner'
        ➜ Explicit dependency on target 'DriveStudioWidgetExtension' in project 'Runner'
    Target 'DriveStudioWidgetExtension' in project 'Runner' (no dependencies)

GatherProvisioningInputs

CreateBuildDescription

ExecuteExternalTool /Users/radhikamac/Xcode.app/Contents/Developer/usr/bin/actool --version --output-format xml1

ExecuteExternalTool /Users/radhikamac/Xcode.app/Contents/Developer/usr/bin/ibtool --version --output-format xml1

ExecuteExternalTool /Users/radhikamac/Xcode.app/Contents/Developer/Toolchains/XcodeDefault.xctoolchain/usr/bin/clang -v -E -dM -isysroot /Users/radhikamac/Xcode.app/Contents/Developer/Platforms/iPhoneOS.platform/Developer/SDKs/iPhoneOS26.5.sdk -x c -c /dev/null

ExecuteExternalTool /Users/radhikamac/Xcode.app/Contents/Developer/Toolchains/XcodeDefault.xctoolchain/usr/bin/clang -v -E -dM -arch arm64 -isysroot /Users/radhikamac/Xcode.app/Contents/Developer/Platforms/iPhoneOS.platform/Developer/SDKs/iPhoneOS26.5.sdk -x c -c /dev/null

ExecuteExternalTool /Users/radhikamac/Xcode.app/Contents/Developer/Toolchains/XcodeDefault.xctoolchain/usr/bin/swiftc --version

ExecuteExternalTool /Users/radhikamac/Xcode.app/Contents/Developer/usr/bin/actool --print-asset-tag-combinations --output-format xml1 /Users/radhikamac/backup2/drivestudio_swift/Runner/Assets.xcassets

ExecuteExternalTool /Users/radhikamac/Xcode.app/Contents/Developer/Toolchains/XcodeDefault.xctoolchain/usr/bin/ld -version_details

Build description signature: e65b12a5ea53c642fb9231eb42c236b5
Build description path: /Users/radhikamac/Library/Developer/Xcode/DerivedData/Runner-ejsizhvuksslerfenxncvkfpfxpi/Build/Intermediates.noindex/XCBuildData/e65b12a5ea53c642fb9231eb42c236b5.xcbuilddata
ClangStatCache /Users/radhikamac/Xcode.app/Contents/Developer/Toolchains/XcodeDefault.xctoolchain/usr/bin/clang-stat-cache /Users/radhikamac/Xcode.app/Contents/Developer/Platforms/iPhoneOS.platform/Developer/SDKs/iPhoneOS26.5.sdk /Users/radhikamac/Library/Developer/Xcode/DerivedData/SDKStatCaches.noindex/iphoneos26.5-23F81a-a26f4d78abf0372adea0fe2e23ad9bcd.sdkstatcache
    cd /Users/radhikamac/backup2/drivestudio_swift
    /Users/radhikamac/Xcode.app/Contents/Developer/Toolchains/XcodeDefault.xctoolchain/usr/bin/clang-stat-cache /Users/radhikamac/Xcode.app/Contents/Developer/Platforms/iPhoneOS.platform/Developer/SDKs/iPhoneOS26.5.sdk -o /Users/radhikamac/Library/Developer/Xcode/DerivedData/SDKStatCaches.noindex/iphoneos26.5-23F81a-a26f4d78abf0372adea0fe2e23ad9bcd.sdkstatcache

ProcessInfoPlistFile /Users/radhikamac/Library/Developer/Xcode/DerivedData/Runner-ejsizhvuksslerfenxncvkfpfxpi/Build/Products/Debug-iphoneos/DriveStudioWidgetExtension.appex/Info.plist /Users/radhikamac/backup2/drivestudio_swift/DriveStudioWidget/Info.plist (in target 'DriveStudioWidgetExtension' from project 'Runner')
    cd /Users/radhikamac/backup2/drivestudio_swift
    builtin-infoPlistUtility /Users/radhikamac/backup2/drivestudio_swift/DriveStudioWidget/Info.plist -producttype com.apple.product-type.app-extension -expandbuildsettings -format binary -platform iphoneos -additionalcontentfile /Users/radhikamac/Library/Developer/Xcode/DerivedData/Runner-ejsizhvuksslerfenxncvkfpfxpi/Build/Intermediates.noindex/Runner.build/Debug-iphoneos/DriveStudioWidgetExtension.build/assetcatalog_generated_info.plist -requiredArchitecture arm64 -o /Users/radhikamac/Library/Developer/Xcode/DerivedData/Runner-ejsizhvuksslerfenxncvkfpfxpi/Build/Products/Debug-iphoneos/DriveStudioWidgetExtension.appex/Info.plist

WriteAuxiliaryFile /Users/radhikamac/Library/Developer/Xcode/DerivedData/Runner-ejsizhvuksslerfenxncvkfpfxpi/Build/Intermediates.noindex/Runner.build/Debug-iphoneos/Runner.build/Objects-normal/arm64/Runner.SwiftConstValuesFileList (in target 'Runner' from project 'Runner')
    cd /Users/radhikamac/backup2/drivestudio_swift
    write-file /Users/radhikamac/Library/Developer/Xcode/DerivedData/Runner-ejsizhvuksslerfenxncvkfpfxpi/Build/Intermediates.noindex/Runner.build/Debug-iphoneos/Runner.build/Objects-normal/arm64/Runner.SwiftConstValuesFileList

WriteAuxiliaryFile /Users/radhikamac/Library/Developer/Xcode/DerivedData/Runner-ejsizhvuksslerfenxncvkfpfxpi/Build/Intermediates.noindex/Runner.build/Debug-iphoneos/Runner.build/Objects-normal/arm64/Runner.SwiftFileList (in target 'Runner' from project 'Runner')
    cd /Users/radhikamac/backup2/drivestudio_swift
    write-file /Users/radhikamac/Library/Developer/Xcode/DerivedData/Runner-ejsizhvuksslerfenxncvkfpfxpi/Build/Intermediates.noindex/Runner.build/Debug-iphoneos/Runner.build/Objects-normal/arm64/Runner.SwiftFileList

WriteAuxiliaryFile /Users/radhikamac/Library/Developer/Xcode/DerivedData/Runner-ejsizhvuksslerfenxncvkfpfxpi/Build/Intermediates.noindex/Runner.build/Debug-iphoneos/Runner.build/Objects-normal/arm64/Runner-OutputFileMap.json (in target 'Runner' from project 'Runner')
    cd /Users/radhikamac/backup2/drivestudio_swift
    write-file /Users/radhikamac/Library/Developer/Xcode/DerivedData/Runner-ejsizhvuksslerfenxncvkfpfxpi/Build/Intermediates.noindex/Runner.build/Debug-iphoneos/Runner.build/Objects-normal/arm64/Runner-OutputFileMap.json

WriteAuxiliaryFile /Users/radhikamac/Library/Developer/Xcode/DerivedData/Runner-ejsizhvuksslerfenxncvkfpfxpi/Build/Intermediates.noindex/Runner.build/Debug-iphoneos/Runner.build/Objects-normal/arm64/Runner.LinkFileList (in target 'Runner' from project 'Runner')
    cd /Users/radhikamac/backup2/drivestudio_swift
    write-file /Users/radhikamac/Library/Developer/Xcode/DerivedData/Runner-ejsizhvuksslerfenxncvkfpfxpi/Build/Intermediates.noindex/Runner.build/Debug-iphoneos/Runner.build/Objects-normal/arm64/Runner.LinkFileList

SwiftDriver Runner normal arm64 com.apple.xcode.tools.swift.compiler (in target 'Runner' from project 'Runner')
    cd /Users/radhikamac/backup2/drivestudio_swift
    builtin-SwiftDriver -- /Users/radhikamac/Xcode.app/Contents/Developer/Toolchains/XcodeDefault.xctoolchain/usr/bin/swiftc -module-name Runner -Onone @/Users/radhikamac/Library/Developer/Xcode/DerivedData/Runner-ejsizhvuksslerfenxncvkfpfxpi/Build/Intermediates.noindex/Runner.build/Debug-iphoneos/Runner.build/Objects-normal/arm64/Runner.SwiftFileList -enable-bare-slash-regex -enable-experimental-feature DebugDescriptionMacro -sdk /Users/radhikamac/Xcode.app/Contents/Developer/Platforms/iPhoneOS.platform/Developer/SDKs/iPhoneOS26.5.sdk -target arm64-apple-ios16.0 -g -module-cache-path /Users/radhikamac/Library/Developer/Xcode/DerivedData/ModuleCache.noindex -Xfrontend -serialize-debugging-options -enable-testing -index-store-path /Users/radhikamac/Library/Developer/Xcode/DerivedData/Runner-ejsizhvuksslerfenxncvkfpfxpi/Index.noindex/DataStore -Xcc -D_LIBCPP_HARDENING_MODE\=_LIBCPP_HARDENING_MODE_DEBUG -swift-version 5 -I /Users/radhikamac/Library/Developer/Xcode/DerivedData/Runner-ejsizhvuksslerfenxncvkfpfxpi/Build/Products/Debug-iphoneos -F /Users/radhikamac/Library/Developer/Xcode/DerivedData/Runner-ejsizhvuksslerfenxncvkfpfxpi/Build/Products/Debug-iphoneos -c -j10 -enable-batch-mode -incremental -Xcc -ivfsstatcache -Xcc /Users/radhikamac/Library/Developer/Xcode/DerivedData/SDKStatCaches.noindex/iphoneos26.5-23F81a-a26f4d78abf0372adea0fe2e23ad9bcd.sdkstatcache -output-file-map /Users/radhikamac/Library/Developer/Xcode/DerivedData/Runner-ejsizhvuksslerfenxncvkfpfxpi/Build/Intermediates.noindex/Runner.build/Debug-iphoneos/Runner.build/Objects-normal/arm64/Runner-OutputFileMap.json -use-frontend-parseable-output -save-temps -no-color-diagnostics -explicit-module-build -module-cache-path /Users/radhikamac/Library/Developer/Xcode/DerivedData/Runner-ejsizhvuksslerfenxncvkfpfxpi/Build/Intermediates.noindex/SwiftExplicitPrecompiledModules -clang-scanner-module-cache-path /Users/radhikamac/Library/Developer/Xcode/DerivedData/ModuleCache.noindex -sdk-module-cache-path /Users/radhikamac/Library/Developer/Xcode/DerivedData/ModuleCache.noindex -serialize-diagnostics -emit-dependencies -emit-module -emit-module-path /Users/radhikamac/Library/Developer/Xcode/DerivedData/Runner-ejsizhvuksslerfenxncvkfpfxpi/Build/Intermediates.noindex/Runner.build/Debug-iphoneos/Runner.build/Objects-normal/arm64/Runner.swiftmodule -validate-clang-modules-once -clang-build-session-file /Users/radhikamac/Library/Developer/Xcode/DerivedData/ModuleCache.noindex/Session.modulevalidation -Xcc -I/Users/radhikamac/Library/Developer/Xcode/DerivedData/Runner-ejsizhvuksslerfenxncvkfpfxpi/Build/Intermediates.noindex/Runner.build/Debug-iphoneos/Runner.build/swift-overrides.hmap -emit-const-values -Xfrontend -const-gather-protocols-file -Xfrontend /Users/radhikamac/Library/Developer/Xcode/DerivedData/Runner-ejsizhvuksslerfenxncvkfpfxpi/Build/Intermediates.noindex/Runner.build/Debug-iphoneos/Runner.build/Objects-normal/arm64/Runner_const_extract_protocols.json -Xcc -iquote -Xcc /Users/radhikamac/Library/Developer/Xcode/DerivedData/Runner-ejsizhvuksslerfenxncvkfpfxpi/Build/Intermediates.noindex/Runner.build/Debug-iphoneos/Runner.build/Runner-generated-files.hmap -Xcc -I/Users/radhikamac/Library/Developer/Xcode/DerivedData/Runner-ejsizhvuksslerfenxncvkfpfxpi/Build/Intermediates.noindex/Runner.build/Debug-iphoneos/Runner.build/Runner-own-target-headers.hmap -Xcc -I/Users/radhikamac/Library/Developer/Xcode/DerivedData/Runner-ejsizhvuksslerfenxncvkfpfxpi/Build/Intermediates.noindex/Runner.build/Debug-iphoneos/Runner.build/Runner-all-target-headers.hmap -Xcc -iquote -Xcc /Users/radhikamac/Library/Developer/Xcode/DerivedData/Runner-ejsizhvuksslerfenxncvkfpfxpi/Build/Intermediates.noindex/Runner.build/Debug-iphoneos/Runner.build/Runner-project-headers.hmap -Xcc -I/Users/radhikamac/Library/Developer/Xcode/DerivedData/Runner-ejsizhvuksslerfenxncvkfpfxpi/Build/Products/Debug-iphoneos/include -Xcc -I/Users/radhikamac/Library/Developer/Xcode/DerivedData/Runner-ejsizhvuksslerfenxncvkfpfxpi/Build/Intermediates.noindex/Runner.build/Debug-iphoneos/Runner.build/DerivedSources-normal/arm64 -Xcc -I/Users/radhikamac/Library/Developer/Xcode/DerivedData/Runner-ejsizhvuksslerfenxncvkfpfxpi/Build/Intermediates.noindex/Runner.build/Debug-iphoneos/Runner.build/DerivedSources/arm64 -Xcc -I/Users/radhikamac/Library/Developer/Xcode/DerivedData/Runner-ejsizhvuksslerfenxncvkfpfxpi/Build/Intermediates.noindex/Runner.build/Debug-iphoneos/Runner.build/DerivedSources -Xcc -DDEBUG\=1 -emit-objc-header -emit-objc-header-path /Users/radhikamac/Library/Developer/Xcode/DerivedData/Runner-ejsizhvuksslerfenxncvkfpfxpi/Build/Intermediates.noindex/Runner.build/Debug-iphoneos/Runner.build/Objects-normal/arm64/Runner-Swift.h -import-objc-header /Users/radhikamac/backup2/drivestudio_swift/Runner/Runner-Bridging-Header.h -working-directory /Users/radhikamac/backup2/drivestudio_swift -experimental-emit-module-separately -disable-cmo

SwiftGeneratePch normal arm64 Compiling\ bridging\ header (in target 'Runner' from project 'Runner')

SwiftDriverJobDiscovery normal arm64 Compiling bridging header (in target 'Runner' from project 'Runner')

SwiftEmitModule normal arm64 Emitting\ module\ for\ Runner (in target 'Runner' from project 'Runner')

EmitSwiftModule normal arm64 (in target 'Runner' from project 'Runner')
    cd /Users/radhikamac/backup2/drivestudio_swift
    
/Users/radhikamac/backup2/drivestudio_swift/Runner/SlotManagerScreen.swift:49:1: warning: extension declares a conformance of imported type 'Int' to imported protocol 'Identifiable'; this will not behave correctly if the owners of 'Swift' introduce this conformance in the future
extension Int: Identifiable {
^
/Users/radhikamac/backup2/drivestudio_swift/Runner/SlotManagerScreen.swift:49:1: note: add '@retroactive' to silence this warning
extension Int: Identifiable {
^              ~~~~~~~~~~~~
               @retroactive Identifiable

SwiftCompile normal arm64 Compiling\ LayerEditorOverlay.swift /Users/radhikamac/backup2/drivestudio_swift/Runner/LayerEditorOverlay.swift (in target 'Runner' from project 'Runner')
SwiftCompile normal arm64 /Users/radhikamac/backup2/drivestudio_swift/Runner/LayerEditorOverlay.swift (in target 'Runner' from project 'Runner')
    cd /Users/radhikamac/backup2/drivestudio_swift
    

SwiftCompile normal arm64 Compiling\ BackgroundSheet.swift /Users/radhikamac/backup2/drivestudio_swift/Runner/BackgroundSheet.swift (in target 'Runner' from project 'Runner')

SwiftCompile normal arm64 /Users/radhikamac/backup2/drivestudio_swift/Runner/BackgroundSheet.swift (in target 'Runner' from project 'Runner')
    cd /Users/radhikamac/backup2/drivestudio_swift
    

SwiftCompile normal arm64 Compiling\ WidgetCanvas.swift /Users/radhikamac/backup2/drivestudio_swift/Runner/WidgetCanvas.swift (in target 'Runner' from project 'Runner')

SwiftCompile normal arm64 /Users/radhikamac/backup2/drivestudio_swift/Runner/WidgetCanvas.swift (in target 'Runner' from project 'Runner')
    cd /Users/radhikamac/backup2/drivestudio_swift
    

SwiftCompile normal arm64 Compiling\ EditorScreen.swift /Users/radhikamac/backup2/drivestudio_swift/Runner/EditorScreen.swift (in target 'Runner' from project 'Runner')
SwiftCompile normal arm64 /Users/radhikamac/backup2/drivestudio_swift/Runner/EditorScreen.swift (in target 'Runner' from project 'Runner')
    cd /Users/radhikamac/backup2/drivestudio_swift
    

SwiftCompile normal arm64 Compiling\ WidgetLibrarySheet.swift /Users/radhikamac/backup2/drivestudio_swift/Runner/WidgetLibrarySheet.swift (in target 'Runner' from project 'Runner')

SwiftCompile normal arm64 /Users/radhikamac/backup2/drivestudio_swift/Runner/WidgetLibrarySheet.swift (in target 'Runner' from project 'Runner')
    cd /Users/radhikamac/backup2/drivestudio_swift
    

SwiftCompile normal arm64 Compiling\ SlotManagerScreen.swift /Users/radhikamac/backup2/drivestudio_swift/Runner/SlotManagerScreen.swift (in target 'Runner' from project 'Runner')

SwiftCompile normal arm64 /Users/radhikamac/backup2/drivestudio_swift/Runner/SlotManagerScreen.swift (in target 'Runner' from project 'Runner')
    cd /Users/radhikamac/backup2/drivestudio_swift
    
/Users/radhikamac/backup2/drivestudio_swift/Runner/SlotManagerScreen.swift:49:1: warning: extension declares a conformance of imported type 'Int' to imported protocol 'Identifiable'; this will not behave correctly if the owners of 'Swift' introduce this conformance in the future
extension Int: Identifiable {
^
/Users/radhikamac/backup2/drivestudio_swift/Runner/SlotManagerScreen.swift:49:1: note: add '@retroactive' to silence this warning
extension Int: Identifiable {
^              ~~~~~~~~~~~~
               @retroactive Identifiable

SwiftCompile normal arm64 Compiling\ LayerSettingsSheet.swift /Users/radhikamac/backup2/drivestudio_swift/Runner/LayerSettingsSheet.swift (in target 'Runner' from project 'Runner')

SwiftCompile normal arm64 /Users/radhikamac/backup2/drivestudio_swift/Runner/LayerSettingsSheet.swift (in target 'Runner' from project 'Runner')
    cd /Users/radhikamac/backup2/drivestudio_swift
    

SwiftCompile normal arm64 Compiling\ DashboardView.swift /Users/radhikamac/backup2/drivestudio_swift/Runner/DashboardView.swift (in target 'Runner' from project 'Runner')

SwiftCompile normal arm64 /Users/radhikamac/backup2/drivestudio_swift/Runner/DashboardView.swift (in target 'Runner' from project 'Runner')
    cd /Users/radhikamac/backup2/drivestudio_swift
    

SwiftDriverJobDiscovery normal arm64 Compiling WidgetLibrarySheet.swift (in target 'Runner' from project 'Runner')

SwiftDriverJobDiscovery normal arm64 Compiling BackgroundSheet.swift (in target 'Runner' from project 'Runner')

SwiftDriverJobDiscovery normal arm64 Emitting module for Runner (in target 'Runner' from project 'Runner')

SwiftDriver\ Compilation\ Requirements Runner normal arm64 com.apple.xcode.tools.swift.compiler (in target 'Runner' from project 'Runner')
    cd /Users/radhikamac/backup2/drivestudio_swift
    builtin-Swift-Compilation-Requirements -- /Users/radhikamac/Xcode.app/Contents/Developer/Toolchains/XcodeDefault.xctoolchain/usr/bin/swiftc -module-name Runner -Onone @/Users/radhikamac/Library/Developer/Xcode/DerivedData/Runner-ejsizhvuksslerfenxncvkfpfxpi/Build/Intermediates.noindex/Runner.build/Debug-iphoneos/Runner.build/Objects-normal/arm64/Runner.SwiftFileList -enable-bare-slash-regex -enable-experimental-feature DebugDescriptionMacro -sdk /Users/radhikamac/Xcode.app/Contents/Developer/Platforms/iPhoneOS.platform/Developer/SDKs/iPhoneOS26.5.sdk -target arm64-apple-ios16.0 -g -module-cache-path /Users/radhikamac/Library/Developer/Xcode/DerivedData/ModuleCache.noindex -Xfrontend -serialize-debugging-options -enable-testing -index-store-path /Users/radhikamac/Library/Developer/Xcode/DerivedData/Runner-ejsizhvuksslerfenxncvkfpfxpi/Index.noindex/DataStore -Xcc -D_LIBCPP_HARDENING_MODE\=_LIBCPP_HARDENING_MODE_DEBUG -swift-version 5 -I /Users/radhikamac/Library/Developer/Xcode/DerivedData/Runner-ejsizhvuksslerfenxncvkfpfxpi/Build/Products/Debug-iphoneos -F /Users/radhikamac/Library/Developer/Xcode/DerivedData/Runner-ejsizhvuksslerfenxncvkfpfxpi/Build/Products/Debug-iphoneos -c -j10 -enable-batch-mode -incremental -Xcc -ivfsstatcache -Xcc /Users/radhikamac/Library/Developer/Xcode/DerivedData/SDKStatCaches.noindex/iphoneos26.5-23F81a-a26f4d78abf0372adea0fe2e23ad9bcd.sdkstatcache -output-file-map /Users/radhikamac/Library/Developer/Xcode/DerivedData/Runner-ejsizhvuksslerfenxncvkfpfxpi/Build/Intermediates.noindex/Runner.build/Debug-iphoneos/Runner.build/Objects-normal/arm64/Runner-OutputFileMap.json -use-frontend-parseable-output -save-temps -no-color-diagnostics -explicit-module-build -module-cache-path /Users/radhikamac/Library/Developer/Xcode/DerivedData/Runner-ejsizhvuksslerfenxncvkfpfxpi/Build/Intermediates.noindex/SwiftExplicitPrecompiledModules -clang-scanner-module-cache-path /Users/radhikamac/Library/Developer/Xcode/DerivedData/ModuleCache.noindex -sdk-module-cache-path /Users/radhikamac/Library/Developer/Xcode/DerivedData/ModuleCache.noindex -serialize-diagnostics -emit-dependencies -emit-module -emit-module-path /Users/radhikamac/Library/Developer/Xcode/DerivedData/Runner-ejsizhvuksslerfenxncvkfpfxpi/Build/Intermediates.noindex/Runner.build/Debug-iphoneos/Runner.build/Objects-normal/arm64/Runner.swiftmodule -validate-clang-modules-once -clang-build-session-file /Users/radhikamac/Library/Developer/Xcode/DerivedData/ModuleCache.noindex/Session.modulevalidation -Xcc -I/Users/radhikamac/Library/Developer/Xcode/DerivedData/Runner-ejsizhvuksslerfenxncvkfpfxpi/Build/Intermediates.noindex/Runner.build/Debug-iphoneos/Runner.build/swift-overrides.hmap -emit-const-values -Xfrontend -const-gather-protocols-file -Xfrontend /Users/radhikamac/Library/Developer/Xcode/DerivedData/Runner-ejsizhvuksslerfenxncvkfpfxpi/Build/Intermediates.noindex/Runner.build/Debug-iphoneos/Runner.build/Objects-normal/arm64/Runner_const_extract_protocols.json -Xcc -iquote -Xcc /Users/radhikamac/Library/Developer/Xcode/DerivedData/Runner-ejsizhvuksslerfenxncvkfpfxpi/Build/Intermediates.noindex/Runner.build/Debug-iphoneos/Runner.build/Runner-generated-files.hmap -Xcc -I/Users/radhikamac/Library/Developer/Xcode/DerivedData/Runner-ejsizhvuksslerfenxncvkfpfxpi/Build/Intermediates.noindex/Runner.build/Debug-iphoneos/Runner.build/Runner-own-target-headers.hmap -Xcc -I/Users/radhikamac/Library/Developer/Xcode/DerivedData/Runner-ejsizhvuksslerfenxncvkfpfxpi/Build/Intermediates.noindex/Runner.build/Debug-iphoneos/Runner.build/Runner-all-target-headers.hmap -Xcc -iquote -Xcc /Users/radhikamac/Library/Developer/Xcode/DerivedData/Runner-ejsizhvuksslerfenxncvkfpfxpi/Build/Intermediates.noindex/Runner.build/Debug-iphoneos/Runner.build/Runner-project-headers.hmap -Xcc -I/Users/radhikamac/Library/Developer/Xcode/DerivedData/Runner-ejsizhvuksslerfenxncvkfpfxpi/Build/Products/Debug-iphoneos/include -Xcc -I/Users/radhikamac/Library/Developer/Xcode/DerivedData/Runner-ejsizhvuksslerfenxncvkfpfxpi/Build/Intermediates.noindex/Runner.build/Debug-iphoneos/Runner.build/DerivedSources-normal/arm64 -Xcc -I/Users/radhikamac/Library/Developer/Xcode/DerivedData/Runner-ejsizhvuksslerfenxncvkfpfxpi/Build/Intermediates.noindex/Runner.build/Debug-iphoneos/Runner.build/DerivedSources/arm64 -Xcc -I/Users/radhikamac/Library/Developer/Xcode/DerivedData/Runner-ejsizhvuksslerfenxncvkfpfxpi/Build/Intermediates.noindex/Runner.build/Debug-iphoneos/Runner.build/DerivedSources -Xcc -DDEBUG\=1 -emit-objc-header -emit-objc-header-path /Users/radhikamac/Library/Developer/Xcode/DerivedData/Runner-ejsizhvuksslerfenxncvkfpfxpi/Build/Intermediates.noindex/Runner.build/Debug-iphoneos/Runner.build/Objects-normal/arm64/Runner-Swift.h -import-objc-header /Users/radhikamac/backup2/drivestudio_swift/Runner/Runner-Bridging-Header.h -working-directory /Users/radhikamac/backup2/drivestudio_swift -experimental-emit-module-separately -disable-cmo

Copy /Users/radhikamac/Library/Developer/Xcode/DerivedData/Runner-ejsizhvuksslerfenxncvkfpfxpi/Build/Products/Debug-iphoneos/Runner.swiftmodule/arm64-apple-ios.swiftmodule /Users/radhikamac/Library/Developer/Xcode/DerivedData/Runner-ejsizhvuksslerfenxncvkfpfxpi/Build/Intermediates.noindex/Runner.build/Debug-iphoneos/Runner.build/Objects-normal/arm64/Runner.swiftmodule (in target 'Runner' from project 'Runner')
    cd /Users/radhikamac/backup2/drivestudio_swift
    builtin-copy -exclude .DS_Store -exclude CVS -exclude .svn -exclude .git -exclude .hg -resolve-src-symlinks -rename /Users/radhikamac/Library/Developer/Xcode/DerivedData/Runner-ejsizhvuksslerfenxncvkfpfxpi/Build/Intermediates.noindex/Runner.build/Debug-iphoneos/Runner.build/Objects-normal/arm64/Runner.swiftmodule /Users/radhikamac/Library/Developer/Xcode/DerivedData/Runner-ejsizhvuksslerfenxncvkfpfxpi/Build/Products/Debug-iphoneos/Runner.swiftmodule/arm64-apple-ios.swiftmodule

Copy /Users/radhikamac/Library/Developer/Xcode/DerivedData/Runner-ejsizhvuksslerfenxncvkfpfxpi/Build/Products/Debug-iphoneos/Runner.swiftmodule/arm64-apple-ios.swiftdoc /Users/radhikamac/Library/Developer/Xcode/DerivedData/Runner-ejsizhvuksslerfenxncvkfpfxpi/Build/Intermediates.noindex/Runner.build/Debug-iphoneos/Runner.build/Objects-normal/arm64/Runner.swiftdoc (in target 'Runner' from project 'Runner')
    cd /Users/radhikamac/backup2/drivestudio_swift
    builtin-copy -exclude .DS_Store -exclude CVS -exclude .svn -exclude .git -exclude .hg -resolve-src-symlinks -rename /Users/radhikamac/Library/Developer/Xcode/DerivedData/Runner-ejsizhvuksslerfenxncvkfpfxpi/Build/Intermediates.noindex/Runner.build/Debug-iphoneos/Runner.build/Objects-normal/arm64/Runner.swiftdoc /Users/radhikamac/Library/Developer/Xcode/DerivedData/Runner-ejsizhvuksslerfenxncvkfpfxpi/Build/Products/Debug-iphoneos/Runner.swiftmodule/arm64-apple-ios.swiftdoc

Copy /Users/radhikamac/Library/Developer/Xcode/DerivedData/Runner-ejsizhvuksslerfenxncvkfpfxpi/Build/Products/Debug-iphoneos/Runner.swiftmodule/arm64-apple-ios.abi.json /Users/radhikamac/Library/Developer/Xcode/DerivedData/Runner-ejsizhvuksslerfenxncvkfpfxpi/Build/Intermediates.noindex/Runner.build/Debug-iphoneos/Runner.build/Objects-normal/arm64/Runner.abi.json (in target 'Runner' from project 'Runner')
    cd /Users/radhikamac/backup2/drivestudio_swift
    builtin-copy -exclude .DS_Store -exclude CVS -exclude .svn -exclude .git -exclude .hg -resolve-src-symlinks -rename /Users/radhikamac/Library/Developer/Xcode/DerivedData/Runner-ejsizhvuksslerfenxncvkfpfxpi/Build/Intermediates.noindex/Runner.build/Debug-iphoneos/Runner.build/Objects-normal/arm64/Runner.abi.json /Users/radhikamac/Library/Developer/Xcode/DerivedData/Runner-ejsizhvuksslerfenxncvkfpfxpi/Build/Products/Debug-iphoneos/Runner.swiftmodule/arm64-apple-ios.abi.json

Copy /Users/radhikamac/Library/Developer/Xcode/DerivedData/Runner-ejsizhvuksslerfenxncvkfpfxpi/Build/Products/Debug-iphoneos/Runner.swiftmodule/Project/arm64-apple-ios.swiftsourceinfo /Users/radhikamac/Library/Developer/Xcode/DerivedData/Runner-ejsizhvuksslerfenxncvkfpfxpi/Build/Intermediates.noindex/Runner.build/Debug-iphoneos/Runner.build/Objects-normal/arm64/Runner.swiftsourceinfo (in target 'Runner' from project 'Runner')
    cd /Users/radhikamac/backup2/drivestudio_swift
    builtin-copy -exclude .DS_Store -exclude CVS -exclude .svn -exclude .git -exclude .hg -resolve-src-symlinks -rename /Users/radhikamac/Library/Developer/Xcode/DerivedData/Runner-ejsizhvuksslerfenxncvkfpfxpi/Build/Intermediates.noindex/Runner.build/Debug-iphoneos/Runner.build/Objects-normal/arm64/Runner.swiftsourceinfo /Users/radhikamac/Library/Developer/Xcode/DerivedData/Runner-ejsizhvuksslerfenxncvkfpfxpi/Build/Products/Debug-iphoneos/Runner.swiftmodule/Project/arm64-apple-ios.swiftsourceinfo

SwiftDriverJobDiscovery normal arm64 Compiling WidgetCanvas.swift (in target 'Runner' from project 'Runner')

SwiftCompile normal arm64 Compiling\ GalleryScreen.swift /Users/radhikamac/backup2/drivestudio_swift/Runner/GalleryScreen.swift (in target 'Runner' from project 'Runner')
SwiftCompile normal arm64 /Users/radhikamac/backup2/drivestudio_swift/Runner/GalleryScreen.swift (in target 'Runner' from project 'Runner')
    cd /Users/radhikamac/backup2/drivestudio_swift
    

SwiftDriverJobDiscovery normal arm64 Compiling LayerEditorOverlay.swift (in target 'Runner' from project 'Runner')

SwiftDriverJobDiscovery normal arm64 Compiling LayerSettingsSheet.swift (in target 'Runner' from project 'Runner')

SwiftCompile normal arm64 Compiling\ SettingsScreen.swift /Users/radhikamac/backup2/drivestudio_swift/Runner/SettingsScreen.swift (in target 'Runner' from project 'Runner')

SwiftCompile normal arm64 /Users/radhikamac/backup2/drivestudio_swift/Runner/SettingsScreen.swift (in target 'Runner' from project 'Runner')
    cd /Users/radhikamac/backup2/drivestudio_swift
    

SwiftCompile normal arm64 Compiling\ SoundsScreen.swift /Users/radhikamac/backup2/drivestudio_swift/Runner/SoundsScreen.swift (in target 'Runner' from project 'Runner')

SwiftCompile normal arm64 /Users/radhikamac/backup2/drivestudio_swift/Runner/SoundsScreen.swift (in target 'Runner' from project 'Runner')
    cd /Users/radhikamac/backup2/drivestudio_swift
    

SwiftCompile normal arm64 Compiling\ HomeScreen.swift /Users/radhikamac/backup2/drivestudio_swift/Runner/HomeScreen.swift (in target 'Runner' from project 'Runner')

SwiftCompile normal arm64 /Users/radhikamac/backup2/drivestudio_swift/Runner/HomeScreen.swift (in target 'Runner' from project 'Runner')
    cd /Users/radhikamac/backup2/drivestudio_swift
    

SwiftCompile normal arm64 Compiling\ DriveComponents.swift /Users/radhikamac/backup2/drivestudio_swift/Runner/DriveComponents.swift (in target 'Runner' from project 'Runner')

SwiftCompile normal arm64 /Users/radhikamac/backup2/drivestudio_swift/Runner/DriveComponents.swift (in target 'Runner' from project 'Runner')
    cd /Users/radhikamac/backup2/drivestudio_swift
    

SwiftCompile normal arm64 Compiling\ GeneratedAssetSymbols.swift /Users/radhikamac/Library/Developer/Xcode/DerivedData/Runner-ejsizhvuksslerfenxncvkfpfxpi/Build/Intermediates.noindex/Runner.build/Debug-iphoneos/Runner.build/DerivedSources/GeneratedAssetSymbols.swift (in target 'Runner' from project 'Runner')

SwiftCompile normal arm64 /Users/radhikamac/Library/Developer/Xcode/DerivedData/Runner-ejsizhvuksslerfenxncvkfpfxpi/Build/Intermediates.noindex/Runner.build/Debug-iphoneos/Runner.build/DerivedSources/GeneratedAssetSymbols.swift (in target 'Runner' from project 'Runner')
    cd /Users/radhikamac/backup2/drivestudio_swift
    

SwiftDriverJobDiscovery normal arm64 Compiling DashboardView.swift (in target 'Runner' from project 'Runner')

SwiftDriverJobDiscovery normal arm64 Compiling SlotManagerScreen.swift (in target 'Runner' from project 'Runner')

SwiftCompile normal arm64 Compiling\ AppGroupChannel.swift /Users/radhikamac/backup2/drivestudio_swift/Runner/AppGroupChannel.swift (in target 'Runner' from project 'Runner')

SwiftCompile normal arm64 /Users/radhikamac/backup2/drivestudio_swift/Runner/AppGroupChannel.swift (in target 'Runner' from project 'Runner')
    cd /Users/radhikamac/backup2/drivestudio_swift
    

SwiftCompile normal arm64 Compiling\ AppGroupContract.swift /Users/radhikamac/backup2/drivestudio_swift/Runner/AppGroupContract.swift (in target 'Runner' from project 'Runner')

SwiftCompile normal arm64 /Users/radhikamac/backup2/drivestudio_swift/Runner/AppGroupContract.swift (in target 'Runner' from project 'Runner')
    cd /Users/radhikamac/backup2/drivestudio_swift
    

SwiftCompile normal arm64 Compiling\ AppDelegate.swift /Users/radhikamac/backup2/drivestudio_swift/Runner/AppDelegate.swift (in target 'Runner' from project 'Runner')

SwiftCompile normal arm64 /Users/radhikamac/backup2/drivestudio_swift/Runner/AppDelegate.swift (in target 'Runner' from project 'Runner')
    cd /Users/radhikamac/backup2/drivestudio_swift
    

SwiftCompile normal arm64 Compiling\ BgCutoutService.swift /Users/radhikamac/backup2/drivestudio_swift/Runner/BgCutoutService.swift (in target 'Runner' from project 'Runner')

SwiftCompile normal arm64 /Users/radhikamac/backup2/drivestudio_swift/Runner/BgCutoutService.swift (in target 'Runner' from project 'Runner')
    cd /Users/radhikamac/backup2/drivestudio_swift
    

SwiftDriverJobDiscovery normal arm64 Compiling HomeScreen.swift (in target 'Runner' from project 'Runner')

SwiftCompile normal arm64 Compiling\ AppStore.swift /Users/radhikamac/backup2/drivestudio_swift/Runner/AppStore.swift (in target 'Runner' from project 'Runner')

SwiftCompile normal arm64 /Users/radhikamac/backup2/drivestudio_swift/Runner/AppStore.swift (in target 'Runner' from project 'Runner')
    cd /Users/radhikamac/backup2/drivestudio_swift
    

SwiftDriverJobDiscovery normal arm64 Compiling GeneratedAssetSymbols.swift (in target 'Runner' from project 'Runner')

SwiftCompile normal arm64 Compiling\ WidgetModels.swift /Users/radhikamac/backup2/drivestudio_swift/Runner/WidgetModels.swift (in target 'Runner' from project 'Runner')

SwiftCompile normal arm64 /Users/radhikamac/backup2/drivestudio_swift/Runner/WidgetModels.swift (in target 'Runner' from project 'Runner')
    cd /Users/radhikamac/backup2/drivestudio_swift
    

SwiftDriverJobDiscovery normal arm64 Compiling AppGroupContract.swift (in target 'Runner' from project 'Runner')

SwiftDriverJobDiscovery normal arm64 Compiling DriveComponents.swift (in target 'Runner' from project 'Runner')

SwiftDriverJobDiscovery normal arm64 Compiling BgCutoutService.swift (in target 'Runner' from project 'Runner')

SwiftDriverJobDiscovery normal arm64 Compiling AppDelegate.swift (in target 'Runner' from project 'Runner')

SwiftDriverJobDiscovery normal arm64 Compiling SettingsScreen.swift (in target 'Runner' from project 'Runner')

SwiftDriverJobDiscovery normal arm64 Compiling SoundsScreen.swift (in target 'Runner' from project 'Runner')

SwiftDriverJobDiscovery normal arm64 Compiling AppStore.swift (in target 'Runner' from project 'Runner')

SwiftDriverJobDiscovery normal arm64 Compiling AppGroupChannel.swift (in target 'Runner' from project 'Runner')

SwiftDriverJobDiscovery normal arm64 Compiling EditorScreen.swift (in target 'Runner' from project 'Runner')

SwiftDriverJobDiscovery normal arm64 Compiling WidgetModels.swift (in target 'Runner' from project 'Runner')

SwiftDriverJobDiscovery normal arm64 Compiling GalleryScreen.swift (in target 'Runner' from project 'Runner')

SwiftDriver\ Compilation Runner normal arm64 com.apple.xcode.tools.swift.compiler (in target 'Runner' from project 'Runner')
    cd /Users/radhikamac/backup2/drivestudio_swift
    builtin-Swift-Compilation -- /Users/radhikamac/Xcode.app/Contents/Developer/Toolchains/XcodeDefault.xctoolchain/usr/bin/swiftc -module-name Runner -Onone @/Users/radhikamac/Library/Developer/Xcode/DerivedData/Runner-ejsizhvuksslerfenxncvkfpfxpi/Build/Intermediates.noindex/Runner.build/Debug-iphoneos/Runner.build/Objects-normal/arm64/Runner.SwiftFileList -enable-bare-slash-regex -enable-experimental-feature DebugDescriptionMacro -sdk /Users/radhikamac/Xcode.app/Contents/Developer/Platforms/iPhoneOS.platform/Developer/SDKs/iPhoneOS26.5.sdk -target arm64-apple-ios16.0 -g -module-cache-path /Users/radhikamac/Library/Developer/Xcode/DerivedData/ModuleCache.noindex -Xfrontend -serialize-debugging-options -enable-testing -index-store-path /Users/radhikamac/Library/Developer/Xcode/DerivedData/Runner-ejsizhvuksslerfenxncvkfpfxpi/Index.noindex/DataStore -Xcc -D_LIBCPP_HARDENING_MODE\=_LIBCPP_HARDENING_MODE_DEBUG -swift-version 5 -I /Users/radhikamac/Library/Developer/Xcode/DerivedData/Runner-ejsizhvuksslerfenxncvkfpfxpi/Build/Products/Debug-iphoneos -F /Users/radhikamac/Library/Developer/Xcode/DerivedData/Runner-ejsizhvuksslerfenxncvkfpfxpi/Build/Products/Debug-iphoneos -c -j10 -enable-batch-mode -incremental -Xcc -ivfsstatcache -Xcc /Users/radhikamac/Library/Developer/Xcode/DerivedData/SDKStatCaches.noindex/iphoneos26.5-23F81a-a26f4d78abf0372adea0fe2e23ad9bcd.sdkstatcache -output-file-map /Users/radhikamac/Library/Developer/Xcode/DerivedData/Runner-ejsizhvuksslerfenxncvkfpfxpi/Build/Intermediates.noindex/Runner.build/Debug-iphoneos/Runner.build/Objects-normal/arm64/Runner-OutputFileMap.json -use-frontend-parseable-output -save-temps -no-color-diagnostics -explicit-module-build -module-cache-path /Users/radhikamac/Library/Developer/Xcode/DerivedData/Runner-ejsizhvuksslerfenxncvkfpfxpi/Build/Intermediates.noindex/SwiftExplicitPrecompiledModules -clang-scanner-module-cache-path /Users/radhikamac/Library/Developer/Xcode/DerivedData/ModuleCache.noindex -sdk-module-cache-path /Users/radhikamac/Library/Developer/Xcode/DerivedData/ModuleCache.noindex -serialize-diagnostics -emit-dependencies -emit-module -emit-module-path /Users/radhikamac/Library/Developer/Xcode/DerivedData/Runner-ejsizhvuksslerfenxncvkfpfxpi/Build/Intermediates.noindex/Runner.build/Debug-iphoneos/Runner.build/Objects-normal/arm64/Runner.swiftmodule -validate-clang-modules-once -clang-build-session-file /Users/radhikamac/Library/Developer/Xcode/DerivedData/ModuleCache.noindex/Session.modulevalidation -Xcc -I/Users/radhikamac/Library/Developer/Xcode/DerivedData/Runner-ejsizhvuksslerfenxncvkfpfxpi/Build/Intermediates.noindex/Runner.build/Debug-iphoneos/Runner.build/swift-overrides.hmap -emit-const-values -Xfrontend -const-gather-protocols-file -Xfrontend /Users/radhikamac/Library/Developer/Xcode/DerivedData/Runner-ejsizhvuksslerfenxncvkfpfxpi/Build/Intermediates.noindex/Runner.build/Debug-iphoneos/Runner.build/Objects-normal/arm64/Runner_const_extract_protocols.json -Xcc -iquote -Xcc /Users/radhikamac/Library/Developer/Xcode/DerivedData/Runner-ejsizhvuksslerfenxncvkfpfxpi/Build/Intermediates.noindex/Runner.build/Debug-iphoneos/Runner.build/Runner-generated-files.hmap -Xcc -I/Users/radhikamac/Library/Developer/Xcode/DerivedData/Runner-ejsizhvuksslerfenxncvkfpfxpi/Build/Intermediates.noindex/Runner.build/Debug-iphoneos/Runner.build/Runner-own-target-headers.hmap -Xcc -I/Users/radhikamac/Library/Developer/Xcode/DerivedData/Runner-ejsizhvuksslerfenxncvkfpfxpi/Build/Intermediates.noindex/Runner.build/Debug-iphoneos/Runner.build/Runner-all-target-headers.hmap -Xcc -iquote -Xcc /Users/radhikamac/Library/Developer/Xcode/DerivedData/Runner-ejsizhvuksslerfenxncvkfpfxpi/Build/Intermediates.noindex/Runner.build/Debug-iphoneos/Runner.build/Runner-project-headers.hmap -Xcc -I/Users/radhikamac/Library/Developer/Xcode/DerivedData/Runner-ejsizhvuksslerfenxncvkfpfxpi/Build/Products/Debug-iphoneos/include -Xcc -I/Users/radhikamac/Library/Developer/Xcode/DerivedData/Runner-ejsizhvuksslerfenxncvkfpfxpi/Build/Intermediates.noindex/Runner.build/Debug-iphoneos/Runner.build/DerivedSources-normal/arm64 -Xcc -I/Users/radhikamac/Library/Developer/Xcode/DerivedData/Runner-ejsizhvuksslerfenxncvkfpfxpi/Build/Intermediates.noindex/Runner.build/Debug-iphoneos/Runner.build/DerivedSources/arm64 -Xcc -I/Users/radhikamac/Library/Developer/Xcode/DerivedData/Runner-ejsizhvuksslerfenxncvkfpfxpi/Build/Intermediates.noindex/Runner.build/Debug-iphoneos/Runner.build/DerivedSources -Xcc -DDEBUG\=1 -emit-objc-header -emit-objc-header-path /Users/radhikamac/Library/Developer/Xcode/DerivedData/Runner-ejsizhvuksslerfenxncvkfpfxpi/Build/Intermediates.noindex/Runner.build/Debug-iphoneos/Runner.build/Objects-normal/arm64/Runner-Swift.h -import-objc-header /Users/radhikamac/backup2/drivestudio_swift/Runner/Runner-Bridging-Header.h -working-directory /Users/radhikamac/backup2/drivestudio_swift -experimental-emit-module-separately -disable-cmo

Ld /Users/radhikamac/Library/Developer/Xcode/DerivedData/Runner-ejsizhvuksslerfenxncvkfpfxpi/Build/Products/Debug-iphoneos/Runner.app/Runner.debug.dylib normal (in target 'Runner' from project 'Runner')
    cd /Users/radhikamac/backup2/drivestudio_swift
    /Users/radhikamac/Xcode.app/Contents/Developer/Toolchains/XcodeDefault.xctoolchain/usr/bin/clang -Xlinker -reproducible -target arm64-apple-ios16.0 -dynamiclib -isysroot /Users/radhikamac/Xcode.app/Contents/Developer/Platforms/iPhoneOS.platform/Developer/SDKs/iPhoneOS26.5.sdk -O0 -L/Users/radhikamac/Library/Developer/Xcode/DerivedData/Runner-ejsizhvuksslerfenxncvkfpfxpi/Build/Intermediates.noindex/EagerLinkingTBDs/Debug-iphoneos -L/Users/radhikamac/Library/Developer/Xcode/DerivedData/Runner-ejsizhvuksslerfenxncvkfpfxpi/Build/Products/Debug-iphoneos -F/Users/radhikamac/Library/Developer/Xcode/DerivedData/Runner-ejsizhvuksslerfenxncvkfpfxpi/Build/Intermediates.noindex/EagerLinkingTBDs/Debug-iphoneos -F/Users/radhikamac/Library/Developer/Xcode/DerivedData/Runner-ejsizhvuksslerfenxncvkfpfxpi/Build/Products/Debug-iphoneos -filelist /Users/radhikamac/Library/Developer/Xcode/DerivedData/Runner-ejsizhvuksslerfenxncvkfpfxpi/Build/Intermediates.noindex/Runner.build/Debug-iphoneos/Runner.build/Objects-normal/arm64/Runner.LinkFileList -install_name @rpath/Runner.debug.dylib -Xlinker -rpath -Xlinker /usr/lib/swift -Xlinker -rpath -Xlinker @executable_path/Frameworks -Xlinker -dead_strip -Xlinker -object_path_lto -Xlinker /Users/radhikamac/Library/Developer/Xcode/DerivedData/Runner-ejsizhvuksslerfenxncvkfpfxpi/Build/Intermediates.noindex/Runner.build/Debug-iphoneos/Runner.build/Objects-normal/arm64/Runner_lto.o -rdynamic -Xlinker -no_deduplicate -Xlinker -dependency_info -Xlinker /Users/radhikamac/Library/Developer/Xcode/DerivedData/Runner-ejsizhvuksslerfenxncvkfpfxpi/Build/Intermediates.noindex/Runner.build/Debug-iphoneos/Runner.build/Objects-normal/arm64/Runner_dependency_info.dat -fobjc-link-runtime -L/Users/radhikamac/Xcode.app/Contents/Developer/Toolchains/XcodeDefault.xctoolchain/usr/lib/swift/iphoneos -L/usr/lib/swift -Xlinker -add_ast_path -Xlinker /Users/radhikamac/Library/Developer/Xcode/DerivedData/Runner-ejsizhvuksslerfenxncvkfpfxpi/Build/Intermediates.noindex/Runner.build/Debug-iphoneos/Runner.build/Objects-normal/arm64/Runner.swiftmodule @/Users/radhikamac/Library/Developer/Xcode/DerivedData/Runner-ejsizhvuksslerfenxncvkfpfxpi/Build/Intermediates.noindex/Runner.build/Debug-iphoneos/Runner.build/Objects-normal/arm64/Runner-linker-args.resp -Xlinker -alias -Xlinker _main -Xlinker ___debug_main_executable_dylib_entry_point -framework CarPlay -Xlinker -no_adhoc_codesign -o /Users/radhikamac/Library/Developer/Xcode/DerivedData/Runner-ejsizhvuksslerfenxncvkfpfxpi/Build/Products/Debug-iphoneos/Runner.app/Runner.debug.dylib

ConstructStubExecutorLinkFileList /Users/radhikamac/Library/Developer/Xcode/DerivedData/Runner-ejsizhvuksslerfenxncvkfpfxpi/Build/Intermediates.noindex/Runner.build/Debug-iphoneos/Runner.build/Runner-ExecutorLinkFileList-normal-arm64.txt (in target 'Runner' from project 'Runner')
    cd /Users/radhikamac/backup2/drivestudio_swift
    construct-stub-executor-link-file-list /Users/radhikamac/Library/Developer/Xcode/DerivedData/Runner-ejsizhvuksslerfenxncvkfpfxpi/Build/Products/Debug-iphoneos/Runner.app/Runner.debug.dylib /Users/radhikamac/Xcode.app/Contents/Developer/Platforms/iPhoneOS.platform/Developer/usr/lib/libPreviewsJITStubExecutor_no_swift_entry_point.a /Users/radhikamac/Xcode.app/Contents/Developer/Platforms/iPhoneOS.platform/Developer/usr/lib/libPreviewsJITStubExecutor.a --output /Users/radhikamac/Library/Developer/Xcode/DerivedData/Runner-ejsizhvuksslerfenxncvkfpfxpi/Build/Intermediates.noindex/Runner.build/Debug-iphoneos/Runner.build/Runner-ExecutorLinkFileList-normal-arm64.txt
note: Using stub executor library with Swift entry point. (in target 'Runner' from project 'Runner')

Ld /Users/radhikamac/Library/Developer/Xcode/DerivedData/Runner-ejsizhvuksslerfenxncvkfpfxpi/Build/Products/Debug-iphoneos/Runner.app/Runner normal (in target 'Runner' from project 'Runner')
    cd /Users/radhikamac/backup2/drivestudio_swift
    /Users/radhikamac/Xcode.app/Contents/Developer/Toolchains/XcodeDefault.xctoolchain/usr/bin/clang -Xlinker -reproducible -target arm64-apple-ios16.0 -isysroot /Users/radhikamac/Xcode.app/Contents/Developer/Platforms/iPhoneOS.platform/Developer/SDKs/iPhoneOS26.5.sdk -O0 -L/Users/radhikamac/Library/Developer/Xcode/DerivedData/Runner-ejsizhvuksslerfenxncvkfpfxpi/Build/Products/Debug-iphoneos -F/Users/radhikamac/Library/Developer/Xcode/DerivedData/Runner-ejsizhvuksslerfenxncvkfpfxpi/Build/Products/Debug-iphoneos -Xlinker -rpath -Xlinker @executable_path -Xlinker -rpath -Xlinker @executable_path/Frameworks -rdynamic -Xlinker -no_deduplicate -e ___debug_blank_executor_main -Xlinker -sectcreate -Xlinker __TEXT -Xlinker __debug_dylib -Xlinker /Users/radhikamac/Library/Developer/Xcode/DerivedData/Runner-ejsizhvuksslerfenxncvkfpfxpi/Build/Intermediates.noindex/Runner.build/Debug-iphoneos/Runner.build/Runner-DebugDylibPath-normal-arm64.txt -Xlinker -sectcreate -Xlinker __TEXT -Xlinker __debug_instlnm -Xlinker /Users/radhikamac/Library/Developer/Xcode/DerivedData/Runner-ejsizhvuksslerfenxncvkfpfxpi/Build/Intermediates.noindex/Runner.build/Debug-iphoneos/Runner.build/Runner-DebugDylibInstallName-normal-arm64.txt -Xlinker -filelist -Xlinker /Users/radhikamac/Library/Developer/Xcode/DerivedData/Runner-ejsizhvuksslerfenxncvkfpfxpi/Build/Intermediates.noindex/Runner.build/Debug-iphoneos/Runner.build/Runner-ExecutorLinkFileList-normal-arm64.txt /Users/radhikamac/Library/Developer/Xcode/DerivedData/Runner-ejsizhvuksslerfenxncvkfpfxpi/Build/Products/Debug-iphoneos/Runner.app/Runner.debug.dylib -Xlinker -no_adhoc_codesign -o /Users/radhikamac/Library/Developer/Xcode/DerivedData/Runner-ejsizhvuksslerfenxncvkfpfxpi/Build/Products/Debug-iphoneos/Runner.app/Runner

ProcessInfoPlistFile /Users/radhikamac/Library/Developer/Xcode/DerivedData/Runner-ejsizhvuksslerfenxncvkfpfxpi/Build/Products/Debug-iphoneos/Runner.app/Info.plist /Users/radhikamac/backup2/drivestudio_swift/Runner/Info.plist (in target 'Runner' from project 'Runner')
    cd /Users/radhikamac/backup2/drivestudio_swift
    builtin-infoPlistUtility /Users/radhikamac/backup2/drivestudio_swift/Runner/Info.plist -producttype com.apple.product-type.application -genpkginfo /Users/radhikamac/Library/Developer/Xcode/DerivedData/Runner-ejsizhvuksslerfenxncvkfpfxpi/Build/Products/Debug-iphoneos/Runner.app/PkgInfo -expandbuildsettings -format binary -platform iphoneos -additionalcontentfile /Users/radhikamac/Library/Developer/Xcode/DerivedData/Runner-ejsizhvuksslerfenxncvkfpfxpi/Build/Intermediates.noindex/Runner.build/Debug-iphoneos/Runner.build/Base.lproj/LaunchScreen-SBPartialInfo.plist -additionalcontentfile /Users/radhikamac/Library/Developer/Xcode/DerivedData/Runner-ejsizhvuksslerfenxncvkfpfxpi/Build/Intermediates.noindex/Runner.build/Debug-iphoneos/Runner.build/Base.lproj/Main-SBPartialInfo.plist -additionalcontentfile /Users/radhikamac/Library/Developer/Xcode/DerivedData/Runner-ejsizhvuksslerfenxncvkfpfxpi/Build/Intermediates.noindex/Runner.build/Debug-iphoneos/Runner.build/assetcatalog_generated_info.plist -scanforprivacyfile /Users/radhikamac/Library/Developer/Xcode/DerivedData/Runner-ejsizhvuksslerfenxncvkfpfxpi/Build/Products/Debug-iphoneos/Runner.app/PlugIns/DriveStudioWidgetExtension.appex -requiredArchitecture arm64 -o /Users/radhikamac/Library/Developer/Xcode/DerivedData/Runner-ejsizhvuksslerfenxncvkfpfxpi/Build/Products/Debug-iphoneos/Runner.app/Info.plist

ExtractAppIntentsMetadata (in target 'Runner' from project 'Runner')
    cd /Users/radhikamac/backup2/drivestudio_swift
    /Users/radhikamac/Xcode.app/Contents/Developer/Toolchains/XcodeDefault.xctoolchain/usr/bin/appintentsmetadataprocessor --toolchain-dir /Users/radhikamac/Xcode.app/Contents/Developer/Toolchains/XcodeDefault.xctoolchain --module-name Runner --sdk-root /Users/radhikamac/Xcode.app/Contents/Developer/Platforms/iPhoneOS.platform/Developer/SDKs/iPhoneOS26.5.sdk --xcode-version 17F113 --platform-family iOS --deployment-target 16.0 --bundle-identifier com.drivestudio.app.driveStudio --output /Users/radhikamac/Library/Developer/Xcode/DerivedData/Runner-ejsizhvuksslerfenxncvkfpfxpi/Build/Products/Debug-iphoneos/Runner.app --target-triple arm64-apple-ios16.0 --binary-file /Users/radhikamac/Library/Developer/Xcode/DerivedData/Runner-ejsizhvuksslerfenxncvkfpfxpi/Build/Products/Debug-iphoneos/Runner.app/Runner --dependency-file /Users/radhikamac/Library/Developer/Xcode/DerivedData/Runner-ejsizhvuksslerfenxncvkfpfxpi/Build/Intermediates.noindex/Runner.build/Debug-iphoneos/Runner.build/Objects-normal/arm64/Runner_dependency_info.dat --stringsdata-file /Users/radhikamac/Library/Developer/Xcode/DerivedData/Runner-ejsizhvuksslerfenxncvkfpfxpi/Build/Intermediates.noindex/Runner.build/Debug-iphoneos/Runner.build/Objects-normal/arm64/ExtractedAppShortcutsMetadata.stringsdata --source-file-list /Users/radhikamac/Library/Developer/Xcode/DerivedData/Runner-ejsizhvuksslerfenxncvkfpfxpi/Build/Intermediates.noindex/Runner.build/Debug-iphoneos/Runner.build/Objects-normal/arm64/Runner.SwiftFileList --metadata-file-list /Users/radhikamac/Library/Developer/Xcode/DerivedData/Runner-ejsizhvuksslerfenxncvkfpfxpi/Build/Intermediates.noindex/Runner.build/Debug-iphoneos/Runner.build/Runner.DependencyMetadataFileList --static-metadata-file-list /Users/radhikamac/Library/Developer/Xcode/DerivedData/Runner-ejsizhvuksslerfenxncvkfpfxpi/Build/Intermediates.noindex/Runner.build/Debug-iphoneos/Runner.build/Runner.DependencyStaticMetadataFileList --swift-const-vals-list /Users/radhikamac/Library/Developer/Xcode/DerivedData/Runner-ejsizhvuksslerfenxncvkfpfxpi/Build/Intermediates.noindex/Runner.build/Debug-iphoneos/Runner.build/Objects-normal/arm64/Runner.SwiftConstValuesFileList --compile-time-extraction --deployment-aware-processing --validate-assistant-intents --no-app-shortcuts-localization
2026-08-11 14:16:36.040 appintentsmetadataprocessor[25043:279650] Starting appintentsmetadataprocessor export
2026-08-11 14:16:36.046 appintentsmetadataprocessor[25043:279650] Extracted no relevant App Intents symbols, skipping writing output

CopySwiftLibs /Users/radhikamac/Library/Developer/Xcode/DerivedData/Runner-ejsizhvuksslerfenxncvkfpfxpi/Build/Products/Debug-iphoneos/Runner.app (in target 'Runner' from project 'Runner')
    cd /Users/radhikamac/backup2/drivestudio_swift
    builtin-swiftStdLibTool --copy --verbose --sign 2E2BAB994411CF6E194FF3FE4262B22339B6FE7A --scan-executable /Users/radhikamac/Library/Developer/Xcode/DerivedData/Runner-ejsizhvuksslerfenxncvkfpfxpi/Build/Products/Debug-iphoneos/Runner.app/Runner.debug.dylib --scan-folder /Users/radhikamac/Library/Developer/Xcode/DerivedData/Runner-ejsizhvuksslerfenxncvkfpfxpi/Build/Products/Debug-iphoneos/Runner.app/Frameworks --scan-folder /Users/radhikamac/Library/Developer/Xcode/DerivedData/Runner-ejsizhvuksslerfenxncvkfpfxpi/Build/Products/Debug-iphoneos/Runner.app/PlugIns --scan-folder /Users/radhikamac/Library/Developer/Xcode/DerivedData/Runner-ejsizhvuksslerfenxncvkfpfxpi/Build/Products/Debug-iphoneos/Runner.app/SystemExtensions --scan-folder /Users/radhikamac/Library/Developer/Xcode/DerivedData/Runner-ejsizhvuksslerfenxncvkfpfxpi/Build/Products/Debug-iphoneos/Runner.app/Extensions --scan-folder /Users/radhikamac/Xcode.app/Contents/Developer/Platforms/iPhoneOS.platform/Developer/SDKs/iPhoneOS26.5.sdk/System/Library/Frameworks/CarPlay.framework --platform iphoneos --toolchain /Users/radhikamac/Xcode.app/Contents/Developer/Toolchains/XcodeDefault.xctoolchain --destination /Users/radhikamac/Library/Developer/Xcode/DerivedData/Runner-ejsizhvuksslerfenxncvkfpfxpi/Build/Products/Debug-iphoneos/Runner.app/Frameworks --strip-bitcode --strip-bitcode-tool /Users/radhikamac/Xcode.app/Contents/Developer/Toolchains/XcodeDefault.xctoolchain/usr/bin/bitcode_strip --emit-dependency-info /Users/radhikamac/Library/Developer/Xcode/DerivedData/Runner-ejsizhvuksslerfenxncvkfpfxpi/Build/Intermediates.noindex/Runner.build/Debug-iphoneos/Runner.build/SwiftStdLibToolInputDependencies.dep --filter-for-swift-os

CodeSign /Users/radhikamac/Library/Developer/Xcode/DerivedData/Runner-ejsizhvuksslerfenxncvkfpfxpi/Build/Products/Debug-iphoneos/Runner.app/Runner.debug.dylib (in target 'Runner' from project 'Runner')
    cd /Users/radhikamac/backup2/drivestudio_swift
    
    Signing Identity:     "Apple Development: rushabhmavani01@gmail.com (4MVD5N34AG)"
    Provisioning Profile: "iOS Team Provisioning Profile: com.drivestudio.app.driveStudio"
                          (e5bddd19-1c1c-4d06-9323-9e99745d203f)
    
    /usr/bin/codesign --force --sign 2E2BAB994411CF6E194FF3FE4262B22339B6FE7A --timestamp\=none --generate-entitlement-der /Users/radhikamac/Library/Developer/Xcode/DerivedData/Runner-ejsizhvuksslerfenxncvkfpfxpi/Build/Products/Debug-iphoneos/Runner.app/Runner.debug.dylib

CodeSign /Users/radhikamac/Library/Developer/Xcode/DerivedData/Runner-ejsizhvuksslerfenxncvkfpfxpi/Build/Products/Debug-iphoneos/Runner.app/__preview.dylib (in target 'Runner' from project 'Runner')
    cd /Users/radhikamac/backup2/drivestudio_swift
    
    Signing Identity:     "Apple Development: rushabhmavani01@gmail.com (4MVD5N34AG)"
    Provisioning Profile: "iOS Team Provisioning Profile: com.drivestudio.app.driveStudio"
                          (e5bddd19-1c1c-4d06-9323-9e99745d203f)
    
    /usr/bin/codesign --force --sign 2E2BAB994411CF6E194FF3FE4262B22339B6FE7A --timestamp\=none --generate-entitlement-der /Users/radhikamac/Library/Developer/Xcode/DerivedData/Runner-ejsizhvuksslerfenxncvkfpfxpi/Build/Products/Debug-iphoneos/Runner.app/__preview.dylib
/Users/radhikamac/Library/Developer/Xcode/DerivedData/Runner-ejsizhvuksslerfenxncvkfpfxpi/Build/Products/Debug-iphoneos/Runner.app/__preview.dylib: replacing existing signature

CodeSign /Users/radhikamac/Library/Developer/Xcode/DerivedData/Runner-ejsizhvuksslerfenxncvkfpfxpi/Build/Products/Debug-iphoneos/Runner.app (in target 'Runner' from project 'Runner')
    cd /Users/radhikamac/backup2/drivestudio_swift
    
    Signing Identity:     "Apple Development: rushabhmavani01@gmail.com (4MVD5N34AG)"
    Provisioning Profile: "iOS Team Provisioning Profile: com.drivestudio.app.driveStudio"
                          (e5bddd19-1c1c-4d06-9323-9e99745d203f)
    
    /usr/bin/codesign --force --sign 2E2BAB994411CF6E194FF3FE4262B22339B6FE7A --entitlements /Users/radhikamac/Library/Developer/Xcode/DerivedData/Runner-ejsizhvuksslerfenxncvkfpfxpi/Build/Intermediates.noindex/Runner.build/Debug-iphoneos/Runner.build/Runner.app.xcent --timestamp\=none --generate-entitlement-der /Users/radhikamac/Library/Developer/Xcode/DerivedData/Runner-ejsizhvuksslerfenxncvkfpfxpi/Build/Products/Debug-iphoneos/Runner.app

Validate /Users/radhikamac/Library/Developer/Xcode/DerivedData/Runner-ejsizhvuksslerfenxncvkfpfxpi/Build/Products/Debug-iphoneos/Runner.app (in target 'Runner' from project 'Runner')
    cd /Users/radhikamac/backup2/drivestudio_swift
    builtin-validationUtility /Users/radhikamac/Library/Developer/Xcode/DerivedData/Runner-ejsizhvuksslerfenxncvkfpfxpi/Build/Products/Debug-iphoneos/Runner.app -shallow-bundle -infoplist-subpath Info.plist

** BUILD SUCCEEDED **

